Siesta Version  : NO_VERSION_LABEL_AVAILABLE
Architecture    : ----
Compiler version: GNU-13.2.1
Compiler flags  : -fallow-argument-mismatch;-O3 -march=native
PP flags        : ----
Libraries       : ----
Parallelisations: MPI
GEMM3M support
NetCDF support
NetCDF-4 support

Runtime information:
* Directory : /home/arnold/Documents/Code/SIESTA/ahkole-sisl-files/tests/sisl/io/siesta/outs
* Running in serial mode (only 1 MPI rank).
>> Start of run:  10-APR-2024  18:05:23

                           *********************** 
                           *  WELCOME TO SIESTA  * 
                           *********************** 

reinit: Reading from standard input
reinit: Dumping input in INPUT_TMP.37733
************************** Dump of input data file ****************************
LatticeConstant 1.0 Ang
%block LatticeVectors
 2.13000000 1.22975607 0.00000000
 2.13000000 -1.22975607 0.00000000
 0.00000000 0.00000000 14.20000000
%endblock LatticeVectors
NumberOfAtoms 2
AtomicCoordinatesFormat Ang
%block AtomicCoordinatesAndAtomicSpecies
 0.00000000 0.00000000 0.00000000 1 # 1: C
 1.38000000 0.00000000 0.00000000 1 # 2: C
%endblock AtomicCoordinatesAndAtomicSpecies
NumberOfSpecies 1
%block ChemicalSpeciesLabel
 1 6 C
%endblock ChemicalSpeciesLabel
MD.TypeOfRun cg
MD.Steps 2
WriteHirshfeldPop f
WriteVoronoiPop f
PartialChargesAtEveryGeometry t
#PartialChargesAtEverySCFStep t
Spin non-colinear
WriteMullikenPop 0
************************** End of input data file *****************************

reinit: -----------------------------------------------------------------------
reinit: System Name: 
reinit: -----------------------------------------------------------------------
reinit: System Label: siesta
reinit: -----------------------------------------------------------------------

initatom: Reading input for the pseudopotentials and atomic orbitals ----------
Species number:   1 Atomic number:    6 Label: C


---- Processing specs for species: C
Ground state valence configuration:   2s02  2p02
Reading pseudopotential information in PSML from:
  C.psml
PSML file version: 1.1
Using libxc ids:  101 130
GGA--PBE XC_GGA_X_PBE--XC_GGA_C_PBE pb
PSML uuid: 87620340-470b-11e8-5ed8-8e87ed7edbb4

---- Pseudopotential check for C 

Pseudopotential generated from a fully relativistic atomic calculation
There are spin-orbit semi-local pseudopotentials available

Pseudized shells:
2s( 2.00) rc: 1.20
2p( 2.00) rc: 1.26
Valence configuration for ps generation: 2s:2p: Total charge:   4.000000
For C, standard SIESTA heuristics set lmxkb to 3
 (one more than the basis l, including polarization orbitals).
Use PS.lmax or PS.KBprojectors blocks to override.
C pseudopotential only contains V_ls up to l=1 -- lmxkb reset.

<basis_specs>
===============================================================================
C                    Z=   6    Mass=  12.011        Charge= 0.17977+309
Lmxo=2 Lmxkb= 1    BasisType=split      Semic=F
L=0  Nsemic=0  Cnfigmx=2
          i=1  nzeta=2  polorb=0  (2s)
            splnorm:   0.15000    
               vcte:    40.000    
               rinn:  -0.90000    
               qcoe:    0.0000    
               qyuk:    0.0000    
               qwid:   0.10000E-01
                rcs:    0.0000      0.0000    
            lambdas:    1.0000      1.0000    
L=1  Nsemic=0  Cnfigmx=2
          i=1  nzeta=2  polorb=1  (2p)  (to be polarized perturbatively)
            splnorm:   0.15000    
               vcte:    40.000    
               rinn:  -0.90000    
               qcoe:    0.0000    
               qyuk:    0.0000    
               qwid:   0.10000E-01
                rcs:    0.0000      0.0000    
            lambdas:    1.0000      1.0000    
L=2  Nsemic=0  Cnfigmx=3
          i=1  nzeta=0  polorb=0  (3d)  (perturbative polarization orbital) (from 2p)
-------------------------------------------------------------------------------
L=0  Nkbl=1  erefs: 0.17977+309
L=1  Nkbl=1  erefs: 0.17977+309
===============================================================================
</basis_specs>

Using PAO.SplitTailNorm
atom: Called for C                     (Z =   6)
NOTE: C pseudopotential has channels up to l= 1
NOTE: PAOs with higher l will be generated with V_local
Maximum radius (at nrval) set to   50.00000 8518

read_vps: Pseudopotential generation method:
read_vps: ONCVPSP-3.Hamann's oncvpsp                        
Valence charge in pseudo generation:    4.00000

read_vps: Pseudopotential includes a core correction:
read_vps: Pseudo-core for xc-correction

xc_check: Exchange-correlation functional:
xc_check: Ceperley-Alder
xc_check: WARNING: Pseudopotential generated with GGA PBE functional
Got Vlocal (oncv-fit) from psml data
Choosing vlocal chloc cutoff:  3.131907
qtot up to nchloc:    4.00001913
atom: Maximum radius for chlocal:    3.13191
atom: Maximum radius for r*vlocal+2*Zval:    3.13191
Reading KB projs from C psml data
Using (derived) scalar-relativistic projectors in PSML file

PSML: Kleinman-Bylander projectors: 
   l= 0   rc=  1.219773   Ekb=  0.771050
   l= 0   rc=  1.219773   Ekb= 12.962866
   l= 1   rc=  1.278952   Ekb= -8.399849
   l= 1   rc=  1.278952   Ekb= -1.755000

PSML: Total number of  Kleinman-Bylander projectors:   8
atom: -------------------------------------------------------------------------

atom: SANKEY-TYPE ORBITALS:
atom: Selected multiple-zeta basis: split     

SPLIT: Orbitals with angular momentum L= 0

SPLIT: Basis orbitals for state 2s

SPLIT: PAO cut-off radius determined from an
SPLIT: energy shift=  0.010000 Ry
Split based on tail norm

   izeta = 1
                 lambda =    1.000000
                     rc =    4.511437
                 energy =   -0.989120
                kinetic =    0.946579
    potential(screened) =   -1.935699
       potential(ionic) =   -5.498314

   izeta = 2
                 rmatch =    3.075858
              splitnorm =    0.150000
                 energy =   -0.700820
                kinetic =    1.771753
    potential(screened) =   -2.472573
       potential(ionic) =   -6.339178

SPLIT: Orbitals with angular momentum L= 1

SPLIT: Basis orbitals for state 2p

SPLIT: PAO cut-off radius determined from an
SPLIT: energy shift=  0.010000 Ry
Split based on tail norm

   izeta = 1
                 lambda =    1.000000
                     rc =    5.490449
                 energy =   -0.369555
                kinetic =    2.447706
    potential(screened) =   -2.817262
       potential(ionic) =   -6.234860

   izeta = 2
                 rmatch =    3.744030
              splitnorm =    0.150000
                 energy =   -0.241893
                kinetic =    3.581585
    potential(screened) =   -3.823478
       potential(ionic) =   -7.591537
*Note: V_local used for l= 2

** Using vlocal for PAOs with L= 2

POLgen: Perturbative polarization orbital with L=  2

POLgen: Polarization orbital for state 2p
*Note: V_local used for lpol= 2

** Using vlocal for PAOs with L= 2
Split based on tail norm

   izeta = 1
                     rc =    5.490449
                 energy =    1.132178
                kinetic =    2.236568
    potential(screened) =   -1.104389
       potential(ionic) =   -3.924652
atom: Total number of Sankey-type orbitals: 13

atm_pop: Valence configuration (for local Pseudopot. screening):
 2s( 2.00)                                                            
 2p( 2.00)                                                            
 3d( 0.00)                                                            
Vna: chval, zval:    4.00000   4.00000

Vna:  Cut-off radius for the neutral-atom potential:   5.490449
comcore: Pseudo-core radius Rcore=  1.671741

atom: _________________________________________________________________________

prinput: Basis input 

PAO.BasisType split     

%block ChemicalSpeciesLabel
    1    6 C                       # Species index, atomic number, species label
%endblock ChemicalSpeciesLabel

%block PAO.Basis                 # Define Basis set
# WARNING: This information might be incomplete!
C                     2                    # Species label, number of l-shells
 n=2   0   2                         # n, l, Nzeta 
   4.511      3.076   
   1.000      1.000   
 n=2   1   2 P   1                   # n, l, Nzeta, Polarization, NzetaPol
   5.490      3.744   
   1.000      1.000   
%endblock PAO.Basis

prinput: ----------------------------------------------------------------------

Dumping basis to NetCDF file C.ion.nc
coor:   Atomic-coordinates input format  =     Cartesian coordinates
coor:                                          (in Angstroms)

siesta: Atomic coordinates (Bohr) and species
siesta:      0.00000   0.00000   0.00000  1        1
siesta:      2.60782   0.00000   0.00000  1        2

siesta: System type = slab      

initatomlists: Number of atoms, orbitals, and projectors:      2    26    16

siesta: ******************** Simulation parameters ****************************
siesta:
siesta: The following are some of the parameters of the simulation.
siesta: A complete list of the parameters used, including default values,
siesta: can be found in file out.fdf
siesta:
redata: Spin configuration                          = non-collinear
redata: Number of spin components                   = 4
redata: Time-Reversal Symmetry                      = F
redata: Spin spiral                                 = F
redata: Long output                                 =   F
redata: Number of Atomic Species                    =        1
redata: Charge density info will appear in .RHO file
redata: Write Mulliken Pop.                         = NO
redata: Matel table size (NRTAB)                    =     1024
redata: Mesh Cutoff                                 =   300.0000 Ry
redata: Net charge of the system                    =     0.0000 |e|
redata: Min. number of SCF Iter                     =        0
redata: Max. number of SCF Iter                     =     1000
redata: SCF convergence failure will abort job
redata: SCF mix quantity                            = Hamiltonian
redata: Mix DM or H after convergence               =   F
redata: Recompute H after scf cycle                 =   F
redata: Mix DM in first SCF step                    =   T
redata: Write Pulay info on disk                    =   F
redata: New DM Occupancy tolerance                  = 0.000000000001
redata: No kicks to SCF
redata: DM Mixing Weight for Kicks                  =     0.5000
redata: Require Harris convergence for SCF          =   F
redata: Harris energy tolerance for SCF             =     0.000100 eV
redata: Require DM convergence for SCF              =   T
redata: DM tolerance for SCF                        =     0.000100
redata: Require EDM convergence for SCF             =   F
redata: EDM tolerance for SCF                       =     0.001000 eV
redata: Require H convergence for SCF               =   T
redata: Hamiltonian tolerance for SCF               =     0.001000 eV
redata: Require (free) Energy convergence for SCF   =   F
redata: (free) Energy tolerance for SCF             =     0.000100 eV
redata: Using Saved Data (generic)                  =   F
redata: Use continuation files for DM               =   T
redata: Neglect nonoverlap interactions             =   F
redata: Method of Calculation                       = Diagonalization
redata: Electronic Temperature                      =   299.9863 K
redata: Fix the spin of the system                  =   F
redata: Max. number of TDED Iter                    =        1
redata: Number of TDED substeps                     =        3
redata: Dynamics option                             = CG coord. optimization
redata: Variable cell                               =   F
redata: Use continuation files for CG               =   F
redata: Max atomic displ per move                   =     0.1058 Ang
redata: Maximum number of optimization moves        =        2
redata: Force tolerance                             =     0.0400 eV/Ang
mix.SCF: Pulay mixing                            = Pulay
mix.SCF:    Variant                              = stable
mix.SCF:    History steps                        = 2
mix.SCF:    Linear mixing weight                 =     0.250000
mix.SCF:    Mixing weight                        =     0.250000
mix.SCF:    SVD condition                        = 0.1000E-07
mix.SCF: Spin-component mixing                   all
redata: Save all siesta data in one NC              =   F
redata: ***********************************************************************

%block SCF.Mixers
  Pulay
%endblock SCF.Mixers

%block SCF.Mixer.Pulay
  # Mixing method
  method pulay
  variant stable

  # Mixing options
  weight 0.2500
  weight.linear 0.2500
  history 2
%endblock SCF.Mixer.Pulay

DM_history_depth set to one: no extrapolation allowed by default for geometry relaxation
Size of DM history Fstack: 1
Total number of electrons:     8.000000
Total ionic charge:     8.000000

* ProcessorY, Blocksize:    1  27


* Orbital distribution balance (max,min):    26    26


siesta: k-grid: Number of k-points = 1
siesta: k-point is Gamma-only

diag: Algorithm                                     = D&C
diag: Parallel over k                               =   F
diag: Use parallel 2D distribution                  =   F
diag: Parallel block-size                           = 27
diag: Parallel distribution                         =     1 x     1
diag: Used triangular part                          = Lower
diag: Absolute tolerance                            =  0.100E-15
diag: Orthogonalization factor                      =  0.100E-05
diag: Memory factor                                 =  1.0000


ts: **************************************************************
ts: Save H and S matrices                           =    F
ts: Save DM and EDM matrices                        =    F
ts: Only save the overlap matrix S                  =    F
ts: **************************************************************

************************ Begin: TS CHECKS AND WARNINGS ************************
************************ End: TS CHECKS AND WARNINGS **************************


                     ====================================
                        Begin CG opt. move =      0
                     ====================================

outcell: Unit cell vectors (Ang):
        2.130000    1.229756    0.000000
        2.130000   -1.229756    0.000000
        0.000000    0.000000   14.200000

outcell: Cell vector modules (Ang)   :    2.459512    2.459512   14.200000
outcell: Cell angles (23,13,12) (deg):     90.0000     90.0000     60.0000
outcell: Cell volume (Ang**3)        :     74.3904
Gamma-point calculation with interaction between periodic images
Some features might not work optimally:
e.g. DM initialization from atomic data
<dSpData1D:S at geom step 0
  <sparsity:sparsity for geom step 0
    nrows_g=26 nrows=26 sparsity=1.0000 nnzs=676, refcount: 7>
  <dData1D:(new from dSpData1D) n=676, refcount: 1>
refcount: 1>
new_DM -- step:     1
Initializing Density Matrix...

Attempting to read DM from file... Succeeded by reducing the number of spin-components...
DM from file:
<dSpData2D:IO-DM: siesta.DM
  <sparsity:IO-DM: siesta.DM
    nrows_g=26 nrows=26 sparsity=1.0000 nnzs=676, refcount: 1>
  <dData2D:(new from dSpData2D) n=676 m=8, refcount: 1>
refcount: 1>
DM to be used:
<dSpData2D:Re-structured SpM
  <sparsity:sparsity for geom step 0
    nrows_g=26 nrows=26 sparsity=1.0000 nnzs=676, refcount: 8>
  <dData2D:(new in restruct) n=676 m=4, refcount: 1>
refcount: 1>
     spin moment: {S} , |S| = {    0.00000   -0.00000   -0.00000 }     0.00000
No. of atoms with KB's overlaping orbs in proc 0. Max # of overlaps:       2     151

InitMesh: MESH = 24 x 24 x 150 = 86400
InitMesh: Mesh cutoff (required, used) =   300.000   308.395 Ry
New grid distribution [1]: sub = 2

stepf: Fermi-Dirac step function

siesta: Program's energy decomposition (eV):
siesta: Ebs     =       -99.350091
siesta: Eions   =       564.310478
siesta: Ena     =       150.800224
siesta: Ekin    =       253.183827
siesta: Enl     =       -26.237907
siesta: Eso     =         0.000000
siesta: Edftu   =         0.000000
siesta: DEna    =       -17.238963
siesta: DUscf   =         2.162240
siesta: DUext   =         0.000000
siesta: Ex      =      -103.341114
siesta: Ec      =       -13.904138
siesta: Exc     =      -117.245251
siesta: EbV     =         0.000000
siesta: eta*DQ  =         0.000000
siesta: Emadel  =         0.000000
siesta: Emeta   =         0.000000
siesta: Emolmec =         0.000000
siesta: Ekinion =         0.000000
siesta: Eharris =      -318.796066
siesta: Etot    =      -318.886308
siesta: FreeEng =      -318.886308

        iscf     Eharris(eV)        E_KS(eV)     FreeEng(eV)     dDmax    Ef(eV) dHmax(eV)
   scf:    1     -318.796066     -318.886308     -318.886308  0.050852 -2.097953  0.143696
     spin moment: {S} , |S| = {    0.00000    0.00000    0.00000 }     0.00000
timer: Routine,Calls,Time,% = IterSCF        1       0.577  36.54
   scf:    2     -318.888274     -318.887524     -318.887524  0.004276 -2.096561  0.040859
     spin moment: {S} , |S| = {   -0.00000    0.00000   -0.00000 }     0.00000
   scf:    3     -318.887705     -318.887625     -318.887625  0.000922 -2.096531  0.002305
     spin moment: {S} , |S| = {    0.00000    0.00000   -0.00000 }     0.00000
   scf:    4     -318.887626     -318.887626     -318.887626  0.000032 -2.096424  0.001679
     spin moment: {S} , |S| = {   -0.00000    0.00000    0.00000 }     0.00000
   scf:    5     -318.887626     -318.887626     -318.887626  0.000088 -2.096155  0.000170
     spin moment: {S} , |S| = {    0.00000   -0.00000    0.00000 }     0.00000

SCF Convergence by DM+H criterion
max |DM_out - DM_in|         :     0.0000882706
max |H_out - H_in|      (eV) :     0.0001703956
SCF cycle converged after 5 iterations

Using DM_out to compute the final energy and forces
No. of atoms with KB's overlaping orbs in proc 0. Max # of overlaps:       2     151

siesta: E_KS(eV) =             -318.8876

siesta: E_KS - E_eggbox =      -318.8876
     spin moment: {S} , |S| = {    0.00000   -0.00000    0.00000 }     0.00000

siesta: Atomic forces (eV/Ang):
----------------------------------------
   Tot   -0.016146   -0.000000   -0.000000
----------------------------------------
   Max    5.089418
   Res    2.933720    sqrt( Sum f_i^2 / 3N )
----------------------------------------
   Max    5.089418    constrained

Stress tensor Voigt[x,y,z,yz,xz,xy] (kbar):     -126.48      -56.97        0.04        0.00        0.00       -0.00
(Free)E + p*V (eV/cell)     -316.0490
Target enthalpy (eV/cell)     -318.8876

                     ====================================
                        Begin CG opt. move =      1
                     ====================================

outcell: Unit cell vectors (Ang):
        2.130000    1.229756    0.000000
        2.130000   -1.229756    0.000000
        0.000000    0.000000   14.200000

outcell: Cell vector modules (Ang)   :    2.459512    2.459512   14.200000
outcell: Cell angles (23,13,12) (deg):     90.0000     90.0000     60.0000
outcell: Cell volume (Ang**3)        :     74.3904
Gamma-point calculation with interaction between periodic images
Some features might not work optimally:
e.g. DM initialization from atomic data
<dSpData1D:S at geom step 1
  <sparsity:sparsity for geom step 1
    nrows_g=26 nrows=26 sparsity=1.0000 nnzs=676, refcount: 7>
  <dData1D:(new from dSpData1D) n=676, refcount: 1>
refcount: 1>
new_DM -- step:     2
Re-using DM from previous geometries...
Number of DMs in history: 1
 DM extrapolation coefficients: 
1   1.00000
New DM after history re-use:
<dSpData2D:SpM extrapolated using coords
  <sparsity:sparsity for geom step 1
    nrows_g=26 nrows=26 sparsity=1.0000 nnzs=676, refcount: 9>
  <dData2D:(temp array for extrapolation) n=676 m=4, refcount: 1>
refcount: 1>
     spin moment: {S} , |S| = {   -0.00000   -0.00000    0.00000 }     0.00000
Note: For starting DM, Qtot, Tr[D*S] =          8.00000000          7.98365011
No. of atoms with KB's overlaping orbs in proc 0. Max # of overlaps:       2     151

InitMesh: MESH = 24 x 24 x 150 = 86400
InitMesh: Mesh cutoff (required, used) =   300.000   308.395 Ry
New grid distribution [1]: sub = 2

        iscf     Eharris(eV)        E_KS(eV)     FreeEng(eV)     dDmax    Ef(eV) dHmax(eV)
   scf:    1     -317.515633     -318.287564     -318.287564  0.156761 -2.019479  0.433220
     spin moment: {S} , |S| = {   -0.00000   -0.00000   -0.00000 }     0.00000
   scf:    2     -318.308433     -318.300353     -318.300353  0.017450 -2.039757  0.120240
     spin moment: {S} , |S| = {    0.00000    0.00000    0.00000 }     0.00000
   scf:    3     -318.302156     -318.301363     -318.301363  0.003656 -2.032810  0.010553
     spin moment: {S} , |S| = {   -0.00000   -0.00000   -0.00000 }     0.00000
   scf:    4     -318.301367     -318.301365     -318.301365  0.000050 -2.031786  0.007574
     spin moment: {S} , |S| = {    0.00000    0.00000    0.00000 }     0.00000
   scf:    5     -318.301369     -318.301367     -318.301367  0.000128 -2.029317  0.000674
     spin moment: {S} , |S| = {   -0.00000   -0.00000    0.00000 }     0.00000
   scf:    6     -318.301367     -318.301367     -318.301367  0.000005 -2.029339  0.000465
     spin moment: {S} , |S| = {   -0.00000    0.00000   -0.00000 }     0.00000

SCF Convergence by DM+H criterion
max |DM_out - DM_in|         :     0.0000053662
max |H_out - H_in|      (eV) :     0.0004653376
SCF cycle converged after 6 iterations

Using DM_out to compute the final energy and forces
No. of atoms with KB's overlaping orbs in proc 0. Max # of overlaps:       2     151

siesta: E_KS(eV) =             -318.3014
     spin moment: {S} , |S| = {   -0.00000    0.00000   -0.00000 }     0.00000

siesta: Atomic forces (eV/Ang):
----------------------------------------
   Tot    0.019703   -0.000000    0.000000
----------------------------------------
   Max   12.128255
   Res    6.996566    sqrt( Sum f_i^2 / 3N )
----------------------------------------
   Max   12.128255    constrained

Stress tensor Voigt[x,y,z,yz,xz,xy] (kbar):      -13.36     -210.79        0.04        0.00        0.00       -0.00
(Free)E + p*V (eV/cell)     -314.8328
Target enthalpy (eV/cell)     -318.3014

                     ====================================
                        Begin CG opt. move =      2
                     ====================================

outcell: Unit cell vectors (Ang):
        2.130000    1.229756    0.000000
        2.130000   -1.229756    0.000000
        0.000000    0.000000   14.200000

outcell: Cell vector modules (Ang)   :    2.459512    2.459512   14.200000
outcell: Cell angles (23,13,12) (deg):     90.0000     90.0000     60.0000
outcell: Cell volume (Ang**3)        :     74.3904
Gamma-point calculation with interaction between periodic images
Some features might not work optimally:
e.g. DM initialization from atomic data
<dSpData1D:S at geom step 2
  <sparsity:sparsity for geom step 2
    nrows_g=26 nrows=26 sparsity=1.0000 nnzs=676, refcount: 7>
  <dData1D:(new from dSpData1D) n=676, refcount: 1>
refcount: 1>
new_DM -- step:     3
Re-using DM from previous geometries...
Number of DMs in history: 1
 DM extrapolation coefficients: 
1   1.00000
New DM after history re-use:
<dSpData2D:SpM extrapolated using coords
  <sparsity:sparsity for geom step 2
    nrows_g=26 nrows=26 sparsity=1.0000 nnzs=676, refcount: 9>
  <dData2D:(temp array for extrapolation) n=676 m=4, refcount: 1>
refcount: 1>
     spin moment: {S} , |S| = {    0.00000    0.00000   -0.00000 }     0.00000
Note: For starting DM, Qtot, Tr[D*S] =          8.00000000          8.03190319
No. of atoms with KB's overlaping orbs in proc 0. Max # of overlaps:       2     151

InitMesh: MESH = 24 x 24 x 150 = 86400
InitMesh: Mesh cutoff (required, used) =   300.000   308.395 Ry
New grid distribution [1]: sub = 2

        iscf     Eharris(eV)        E_KS(eV)     FreeEng(eV)     dDmax    Ef(eV) dHmax(eV)
   scf:    1     -319.213286     -318.980158     -318.980158  0.116129 -2.047423  0.316007
     spin moment: {S} , |S| = {   -0.00000   -0.00000   -0.00000 }     0.00000
   scf:    2     -318.990294     -318.986418     -318.986418  0.009737 -2.133862  0.089413
     spin moment: {S} , |S| = {   -0.00000   -0.00000    0.00000 }     0.00000
   scf:    3     -318.987323     -318.986929     -318.986929  0.002129 -2.111406  0.011322
     spin moment: {S} , |S| = {   -0.00000    0.00000   -0.00000 }     0.00000
   scf:    4     -318.986930     -318.986930     -318.986930  0.000052 -2.109833  0.007946
     spin moment: {S} , |S| = {   -0.00000   -0.00000   -0.00000 }     0.00000
   scf:    5     -318.986932     -318.986931     -318.986931  0.000108 -2.106610  0.001371
     spin moment: {S} , |S| = {   -0.00000   -0.00000    0.00000 }     0.00000
   scf:    6     -318.986931     -318.986931     -318.986931  0.000013 -2.106600  0.000968
     spin moment: {S} , |S| = {    0.00000   -0.00000    0.00000 }     0.00000

SCF Convergence by DM+H criterion
max |DM_out - DM_in|         :     0.0000130697
max |H_out - H_in|      (eV) :     0.0009679259
SCF cycle converged after 6 iterations

Using DM_out to compute the final energy and forces
No. of atoms with KB's overlaping orbs in proc 0. Max # of overlaps:       2     151

siesta: E_KS(eV) =             -318.9869
     spin moment: {S} , |S| = {    0.00000   -0.00000    0.00000 }     0.00000

siesta: Atomic forces (eV/Ang):
----------------------------------------
   Tot    0.010504   -0.000000   -0.000000
----------------------------------------
   Max    0.519394
   Res    0.296856    sqrt( Sum f_i^2 / 3N )
----------------------------------------
   Max    0.519394    constrained

Stress tensor Voigt[x,y,z,yz,xz,xy] (kbar):      -86.02      -92.59        0.03       -0.00        0.00       -0.00
(Free)E + p*V (eV/cell)     -316.2231
Target enthalpy (eV/cell)     -318.9869

cgvc: Finished line minimization    1.  Mean atomic displacement =    0.0418

outcoor: Final (unrelaxed) atomic coordinates (Ang):        
   -0.02214430   -0.00000000   -0.00000000   1       1  C
    1.40207405   -0.00000000   -0.00000000   1       2  C

siesta: Program's energy decomposition (eV):
siesta: Ebs     =       -99.367835
siesta: Eions   =       564.310478
siesta: Ena     =       150.787390
siesta: Ekin    =       253.050395
siesta: Enl     =       -26.231344
siesta: Eso     =         0.000000
siesta: Edftu   =         0.000000
siesta: DEna    =       -17.210484
siesta: DUscf   =         2.158960
siesta: DUext   =         0.000000
siesta: Ex      =      -103.327807
siesta: Ec      =       -13.903562
siesta: Exc     =      -117.231369
siesta: EbV     =         0.000000
siesta: eta*DQ  =         0.000000
siesta: Emadel  =         0.000000
siesta: Emeta   =         0.000000
siesta: Emolmec =         0.000000
siesta: Ekinion =         0.000000
siesta: Eharris =      -318.986931
siesta: Etot    =      -318.986931
siesta: FreeEng =      -318.986931

siesta: Final energy (eV):
siesta:  Band Struct. =     -99.367835
siesta:       Kinetic =     253.050395
siesta:       Hartree =    1023.813533
siesta:         Edftu =       0.000000
siesta:       Eso     =       0.000000
siesta:    Ext. field =       0.000000
siesta:         Exch. =    -103.327807
siesta:         Corr. =     -13.903562
siesta:     Bulk bias =       0.000000
siesta:   Exch.-corr. =    -117.231369
siesta:  Ion-electron =   -2270.512856
siesta:       Ion-ion =     791.893366
siesta:       Ekinion =       0.000000
siesta: D3 dispersion =       0.000000
siesta:         Total =    -318.986931
siesta:         Fermi =      -2.106600

siesta: Atomic forces (eV/Ang):
siesta:      1    0.519394   -0.000000   -0.000000
siesta:      2   -0.508890   -0.000000    0.000000
siesta: ----------------------------------------
siesta:    Tot    0.010504   -0.000000   -0.000000

siesta: Stress tensor (static) (eV/Ang**3):
siesta:    -0.053690    0.000000    0.000000
siesta:    -0.000000   -0.057788   -0.000000
siesta:     0.000000   -0.000000    0.000020

siesta: Cell volume =         74.390404 Ang**3

siesta: Pressure (static):
siesta:                Solid            Molecule  Units
siesta:           0.00040464          0.00044038  Ry/Bohr**3
siesta:           0.03715242          0.04043354  eV/Ang**3
siesta:          59.52474475         64.78167378  kBar
(Free)E+ p_basis*V_orbitals  =        -318.205235
(Free)Eharris+ p_basis*V_orbitals  =        -318.205235
     spin moment: {S} , |S| = {    0.00000   -0.00000    0.00000 }     0.00000

siesta: Electric dipole (a.u.)  =    0.000000    0.000000   -0.000000
siesta: Electric dipole (Debye) =    0.000000    0.000000   -0.000000

cite: Please see "siesta.bib" for an exhaustive BiBTeX file.
cite: Please clearly indicate Siesta version in published work: NO_VERSION_LABEL_AVAILABLE
cite: This calculation has made use of the following articles
cite: which are encouraged to be cited in a published work.
        Primary SIESTA paper
          DOI: www.doi.org/10.1088/0953-8984/14/11/302


timer: Elapsed wall time (sec) =      17.917
timer: CPU execution times (sec):

Routine            Calls   Time/call    Tot.time        %
siesta                 1      21.791      21.791   100.00
Setup                  1       0.093       0.093     0.43
bands                  1       0.000       0.000     0.00
KSV_init               1       0.000       0.000     0.00
IterGeom               3       7.232      21.696    99.56
geom_init              3       0.744       2.231    10.24
state_init             3       0.034       0.102     0.47
hsparse                3       0.001       0.002     0.01
overlap                3       0.033       0.098     0.45
Setup_H0               3       0.265       0.794     3.64
naefs                  6       0.000       0.001     0.00
MolMec                 6       0.000       0.000     0.00
kinefsm                6       0.018       0.108     0.49
nlefsm                 6       0.019       0.113     0.52
DHSCF_Init             3       0.202       0.607     2.78
DHSCF1                 3       0.021       0.064     0.30
INITMESH               3       0.000       0.000     0.00
DHSCF2                 3       0.181       0.542     2.49
REMESH                 3       0.009       0.027     0.12
REORD                244       0.000       0.023     0.11
PHION                  3       0.146       0.439     2.01
COMM_BSC             386       0.000       0.028     0.13
POISON                26       0.007       0.182     0.84
fft                   52       0.003       0.158     0.72
setup_H               20       0.556      11.124    51.05
DHSCF                 23       0.811      18.649    85.58
DHSCF3                23       0.541      12.446    57.12
rhoofd                23       0.304       6.987    32.06
XC                    23       0.008       0.193     0.89
GXC-CellXC            23       0.007       0.169     0.78
gridxc@cellXC         23       0.007       0.169     0.77
vmat                  23       0.215       4.952    22.72
IterSCF               17       0.699      11.875    54.50
compute_dm            17       0.122       2.082     9.56
diagon                17       0.122       2.082     9.55
cdiag                 17       0.122       2.078     9.53
cdiag1                17       0.000       0.001     0.00
cdiag2                17       0.120       2.043     9.37
cdiag3                17       0.002       0.032     0.15
cdiag4                17       0.000       0.002     0.01
MIXER                 14       0.000       0.001     0.00
PostSCF                3       2.529       7.588    34.82
DHSCF4                 3       2.068       6.203    28.46
dfscf                  3       2.051       6.152    28.23
overfsm                3       0.004       0.011     0.05
writeHSX               3       0.000       0.000     0.00
state_analysis         3       0.000       0.001     0.00
siesta_move            3       0.000       0.000     0.00
Analysis               1       0.000       0.000     0.00
optical                1       0.000       0.000     0.00
  

>> End of run:  10-APR-2024  18:05:40
Job completed
